// Jest Snapshot v1, https://goo.gl/fbAQLP

exports[`__interactive 1`] = `
<DocumentFragment>
  <div
    class="icon normal clickable"
    role="button"
    tabindex="0"
  >
    <test-file-stub />
  </div>
</DocumentFragment>
`;
